[1;34m开始进化测试集BTBNSL_wt-[0m
[1;34m进化完成BTBNSL_wt-[0m

[1;34m开始进化测试集MinimumWei[0m
[1;34m进化完成MinimumWei[0m

[1;34m开始进化测试集Parametric[0m
[1;34m进化完成Parametric[0m

[1;34m开始进化测试集abstractio[0m
[1;34m进化完成abstractio[0m

[1;34m开始进化测试集af-synthes[0m
[1;34m进化完成af-synthes[0m

[1;34m开始进化测试集causal-dis[0m
[1;34m进化完成causal-dis[0m

[1;34m开始进化测试集correlatio[0m
[1;34m进化完成correlatio[0m

[1;34m开始进化测试集decision-t[0m
[1;34m进化完成decision-t[0m

[1;34m开始进化测试集drmx-crypt[0m
[1;34m进化完成drmx-crypt[0m

[1;34m开始进化测试集judgment-a[0m
[1;34m进化完成judgment-a[0m

[1;34m开始进化测试集lisbon-wed[0m
[1;34m进化完成lisbon-wed[0m

[1;34m开始进化测试集protein_in[0m
[1;34m进化完成protein_in[0m

[1;34m开始进化测试集railway-tr[0m
[1;34m进化完成railway-tr[0m

[1;34m开始进化测试集setcover_w[0m
[1;34m进化完成setcover_w[0m

[1;34m开始进化测试集switchinga[0m
[1;34m进化完成switchinga[0m

[1;34m开始进化测试集synplicate[0m
[1;34m进化完成synplicate[0m

[1;34m开始进化测试集timetablin[0m
[1;34m进化完成timetablin[0m

